// Jest Snapshot v1, https://goo.gl/fbAQLP

exports[`testing user favorite shops renders correctly 1`] = `
<RCTScrollView
  nestedScrollEnabled={true}
  style={
    Object {
      "flex": 1,
      "marginBottom": "5%",
      "marginTop": "5%",
    }
  }
>
  <View />
</RCTScrollView>
`;
