// Jest Snapshot v1, https://goo.gl/fbAQLP

exports[`testing homepage filter renders correctly 1`] = `<View />`;
