// Jest Snapshot v1, https://goo.gl/fbAQLP

exports[`testing shop detail, items part renders correctly 1`] = `
<RCTScrollView
  nestedScrollEnabled={true}
  style={
    Object {
      "flex": 1,
      "marginBottom": "5%",
      "marginTop": "1%",
    }
  }
>
  <View>
    <View
      style={
        Object {
          "backgroundColor": "#b31414",
          "borderRadius": 10,
          "elevation": 5,
          "fontSize": 25,
          "fontWeight": "bold",
          "height": 180,
          "marginLeft": 15,
          "marginTop": 5,
          "shadowColor": "black",
          "shadowOffset": Object {
            "height": 2,
            "width": 0,
          },
          "shadowOpacity": 0.26,
          "width": 370,
        }
      }
    >
      <View
        style={
          Object {
            "alignContent": "center",
            "alignItems": "center",
            "alignSelf": "center",
            "backgroundColor": "#fff",
            "borderRadius": 10,
            "height": 50,
            "marginBottom": "5%",
            "marginLeft": 80,
            "marginTop": "1%",
            "width": "76%",
          }
        }
      >
        <TextInput
          allowFontScaling={true}
          onChangeText={[Function]}
          placeholder="جستجو"
          placeholderTextColor="#000"
          rejectResponderTermination={true}
          style={
            Object {
              "flex": 1,
              "fontSize": 20,
              "height": 50,
              "padding": 10,
            }
          }
          underlineColorAndroid="transparent"
        />
      </View>
      <View
        accessible={true}
        focusable={true}
        onClick={[Function]}
        onResponderGrant={[Function]}
        onResponderMove={[Function]}
        onResponderRelease={[Function]}
        onResponderTerminate={[Function]}
        onResponderTerminationRequest={[Function]}
        onStartShouldSetResponder={[Function]}
        style={
          Object {
            "alignItems": "center",
            "backgroundColor": "white",
            "borderRadius": 10,
            "height": 50,
            "justifyContent": "center",
            "marginBottom": 20,
            "marginLeft": 6,
            "marginTop": -68,
            "opacity": 1,
            "width": "20%",
          }
        }
      >
        <Text>
          بگرد
        </Text>
      </View>
      <View
        style={
          Object {
            "color": "white",
            "marginLeft": 10,
            "marginTop": -10,
          }
        }
      >
        <Text
          style={
            Object {
              "color": "white",
            }
          }
        >
          فیلتر آیتم بر اساس 
        </Text>
        <View>
          <View
            style={
              Object {
                "color": "white",
                "height": 50,
                "width": 150,
              }
            }
          >
            <RCTPicker
              items={
                Array [
                  Object {
                    "label": "همه",
                    "textColor": undefined,
                    "value": "all",
                  },
                  Object {
                    "label": "ادویه، چاشنی و مخلفات غذا",
                    "textColor": undefined,
                    "value": "Spices and condiments and food side dishes",
                  },
                  Object {
                    "label": "بهداشت و مراقبت پوست",
                    "textColor": undefined,
                    "value": "Cosmetics",
                  },
                  Object {
                    "label": "آرایش و پیرایش",
                    "textColor": undefined,
                    "value": "Makeup and trimming",
                  },
                  Object {
                    "label": "پروتئینی",
                    "textColor": undefined,
                    "value": "Protein",
                  },
                  Object {
                    "label": "تنقلات",
                    "textColor": undefined,
                    "value": "Junk Food",
                  },
                  Object {
                    "label": "خشکبار",
                    "textColor": undefined,
                    "value": "Nuts",
                  },
                  Object {
                    "label": "شیرینیجات و دسرها",
                    "textColor": undefined,
                    "value": "Sweets and desserts",
                  },
                  Object {
                    "label": "عطر، ادکلن و اسپری",
                    "textColor": undefined,
                    "value": "perfume",
                  },
                  Object {
                    "label": "غذا، کنسرو و سبزیجات",
                    "textColor": undefined,
                    "value": "Fruits and vegetables",
                  },
                  Object {
                    "label": "لبنیات",
                    "textColor": undefined,
                    "value": "Dairy",
                  },
                  Object {
                    "label": "نوشیدنیها",
                    "textColor": undefined,
                    "value": "Drinks",
                  },
                  Object {
                    "label": "وسایل شستشو و نظافت",
                    "textColor": undefined,
                    "value": "Washing and Cleaning Equipment",
                  },
                  Object {
                    "label": "متفرقه",
                    "textColor": undefined,
                    "value": "others",
                  },
                ]
              }
              onChange={[Function]}
              selectedIndex={0}
              style={
                Array [
                  Object {
                    "height": 216,
                  },
                  undefined,
                ]
              }
            />
          </View>
        </View>
        <View>
          <View
            style={
              Object {
                "color": "white",
                "height": 50,
                "width": 150,
              }
            }
          >
            <RCTPicker
              items={
                Array [
                  Object {
                    "label": "گران ترین",
                    "textColor": undefined,
                    "value": "expensive",
                  },
                  Object {
                    "label": "ارزان ترین",
                    "textColor": undefined,
                    "value": "cheap",
                  },
                  Object {
                    "label": "جدیدترین",
                    "textColor": undefined,
                    "value": "new",
                  },
                  Object {
                    "label": "دسته بندی",
                    "textColor": undefined,
                    "value": "category",
                  },
                  Object {
                    "label": "تخفیف دار",
                    "textColor": undefined,
                    "value": "discount",
                  },
                ]
              }
              onChange={[Function]}
              selectedIndex={0}
              style={
                Array [
                  Object {
                    "height": 216,
                  },
                  undefined,
                ]
              }
            />
          </View>
        </View>
      </View>
      <View
        accessible={true}
        focusable={true}
        onClick={[Function]}
        onResponderGrant={[Function]}
        onResponderMove={[Function]}
        onResponderRelease={[Function]}
        onResponderTerminate={[Function]}
        onResponderTerminationRequest={[Function]}
        onStartShouldSetResponder={[Function]}
        style={
          Object {
            "alignItems": "center",
            "backgroundColor": "white",
            "borderRadius": 10,
            "height": 30,
            "justifyContent": "center",
            "marginBottom": 20,
            "marginLeft": 6,
            "marginTop": -120,
            "opacity": 1,
            "width": "20%",
          }
        }
      >
        <Text>
          فیلتر
        </Text>
      </View>
    </View>
    <View>
      <View
        style={
          Object {
            "backgroundColor": "#f1f1f2",
            "borderRadius": 10,
            "elevation": 5,
            "height": 320,
            "marginLeft": 18,
            "marginTop": 10,
            "shadowColor": "black",
            "shadowOffset": Object {
              "height": 2,
              "width": 0,
            },
            "shadowOpacity": 0.26,
            "width": 370,
          }
        }
      >
        <View
          style={
            Object {
              "backgroundColor": "white",
              "borderRadius": 10,
              "elevation": 5,
              "height": "40%",
              "marginLeft": 110,
              "marginTop": 10,
              "shadowColor": "black",
              "shadowOffset": Object {
                "height": 2,
                "width": 0,
              },
              "shadowOpacity": 0.26,
              "width": "39%",
            }
          }
        >
          <Image
            source={
              Object {
                "uri": "hi.png",
              }
            }
            style={
              Object {
                "alignItems": "center",
                "height": "80%",
                "justifyContent": "center",
                "marginLeft": 12,
                "marginTop": "12%",
                "resizeMode": "cover",
                "width": "80%",
              }
            }
          />
        </View>
        <View
          accessible={true}
          focusable={true}
          onClick={[Function]}
          onResponderGrant={[Function]}
          onResponderMove={[Function]}
          onResponderRelease={[Function]}
          onResponderTerminate={[Function]}
          onResponderTerminationRequest={[Function]}
          onStartShouldSetResponder={[Function]}
          style={
            Object {
              "alignItems": "center",
              "backgroundColor": "#b31414",
              "borderRadius": 100,
              "height": 40,
              "justifyContent": "center",
              "marginBottom": 20,
              "marginLeft": 10,
              "marginTop": -60,
              "opacity": 1,
              "width": 70,
            }
          }
        >
          <Text
            style={
              Object {
                "color": "white",
              }
            }
          >
             نظرات
          </Text>
        </View>
        <View
          style={
            Object {
              "alignItems": "center",
              "height": "38%",
              "padding": 10,
            }
          }
        >
          <Text
            style={
              Object {
                "fontSize": 20,
                "marginLeft": "-1%",
                "marginTop": "1%",
                "marginVertical": 5,
              }
            }
          >
            فروشگاه 
            myshop
          </Text>
          <View
            style={
              Object {
                "alignItems": "baseline",
                "flexDirection": "row-reverse",
                "justifyContent": "space-between",
              }
            }
          >
            <Text />
            <Text
              style={
                Object {
                  "color": "black",
                  "fontSize": 20,
                }
              }
            >
              myStreet
            </Text>
          </View>
          <View
            style={
              Object {
                "alignItems": "baseline",
                "flexDirection": "row-reverse",
                "justifyContent": "space-between",
              }
            }
          >
            <Text />
            <Text
              style={
                Object {
                  "color": "black",
                  "fontSize": 20,
                }
              }
            >
              09123456789
            </Text>
          </View>
          <View
            style={
              Object {
                "alignItems": "baseline",
                "backgroundColor": "transparent",
                "flexDirection": "row-reverse",
                "justifyContent": "space-between",
              }
            }
          >
            <Text />
            <Text
              style={
                Object {
                  "color": "green",
                  "fontSize": 20,
                }
              }
            >
               آنلاین
            </Text>
          </View>
          <View>
            <View
              pointerEvents="auto"
              style={
                Object {
                  "flexDirection": "row",
                  "justifyContent": "space-between",
                }
              }
            >
              <View
                forwardedRef={[Function]}
                style={Object {}}
              >
                <View
                  accessibilityRole="button"
                  accessible={true}
                  focusable={true}
                  onClick={[Function]}
                  onResponderGrant={[Function]}
                  onResponderMove={[Function]}
                  onResponderRelease={[Function]}
                  onResponderTerminate={[Function]}
                  onResponderTerminationRequest={[Function]}
                  onStartShouldSetResponder={[Function]}
                  style={
                    Object {
                      "opacity": 1,
                    }
                  }
                >
                  <Text />
                </View>
              </View>
              <View
                forwardedRef={[Function]}
                style={Object {}}
              >
                <View
                  accessibilityRole="button"
                  accessible={true}
                  focusable={true}
                  onClick={[Function]}
                  onResponderGrant={[Function]}
                  onResponderMove={[Function]}
                  onResponderRelease={[Function]}
                  onResponderTerminate={[Function]}
                  onResponderTerminationRequest={[Function]}
                  onStartShouldSetResponder={[Function]}
                  style={
                    Object {
                      "opacity": 1,
                    }
                  }
                >
                  <Text />
                </View>
              </View>
              <View
                forwardedRef={[Function]}
                style={Object {}}
              >
                <View
                  accessibilityRole="button"
                  accessible={true}
                  focusable={true}
                  onClick={[Function]}
                  onResponderGrant={[Function]}
                  onResponderMove={[Function]}
                  onResponderRelease={[Function]}
                  onResponderTerminate={[Function]}
                  onResponderTerminationRequest={[Function]}
                  onStartShouldSetResponder={[Function]}
                  style={
                    Object {
                      "opacity": 1,
                    }
                  }
                >
                  <Text />
                </View>
              </View>
              <View
                forwardedRef={[Function]}
                style={Object {}}
              >
                <View
                  accessibilityRole="button"
                  accessible={true}
                  focusable={true}
                  onClick={[Function]}
                  onResponderGrant={[Function]}
                  onResponderMove={[Function]}
                  onResponderRelease={[Function]}
                  onResponderTerminate={[Function]}
                  onResponderTerminationRequest={[Function]}
                  onStartShouldSetResponder={[Function]}
                  style={
                    Object {
                      "opacity": 1,
                    }
                  }
                >
                  <Text />
                </View>
              </View>
              <View
                forwardedRef={[Function]}
                style={Object {}}
              >
                <View
                  accessibilityRole="button"
                  accessible={true}
                  focusable={true}
                  onClick={[Function]}
                  onResponderGrant={[Function]}
                  onResponderMove={[Function]}
                  onResponderRelease={[Function]}
                  onResponderTerminate={[Function]}
                  onResponderTerminationRequest={[Function]}
                  onStartShouldSetResponder={[Function]}
                  style={
                    Object {
                      "opacity": 1,
                    }
                  }
                >
                  <Text />
                </View>
              </View>
            </View>
          </View>
        </View>
      </View>
      <View
        style={
          Object {
            "backgroundColor": "#b31414",
            "borderRadius": 10,
            "elevation": 5,
            "fontSize": 25,
            "fontWeight": "bold",
            "height": 40,
            "marginLeft": 15,
            "marginTop": 15,
            "shadowColor": "black",
            "shadowOffset": Object {
              "height": 2,
              "width": 0,
            },
            "shadowOpacity": 0.26,
            "width": 370,
          }
        }
      >
        <Text
          style={
            Object {
              "color": "white",
              "fontSize": 20,
              "marginTop": 5,
              "textAlign": "center",
            }
          }
        >
          محصولات فروشگاه
        </Text>
      </View>
      <Text
        style={
          Object {
            "fontWeight": "bold",
          }
        }
      />
    </View>
  </View>
</RCTScrollView>
`;
