// Jest Snapshot v1, https://goo.gl/fbAQLP

exports[`testing shopitems search renders correctly 1`] = `<View />`;
