// Jest Snapshot v1, https://goo.gl/fbAQLP

exports[`testing homepage search renders correctly 1`] = `<View />`;
