// Jest Snapshot v1, https://goo.gl/fbAQLP

exports[`SignUp component be tested renders correctly 1`] = `
<View
  accessible={true}
  focusable={true}
  onClick={[Function]}
  onResponderGrant={[Function]}
  onResponderMove={[Function]}
  onResponderRelease={[Function]}
  onResponderTerminate={[Function]}
  onResponderTerminationRequest={[Function]}
  onStartShouldSetResponder={[Function]}
  style={
    Object {
      "alignItems": "center",
      "backgroundColor": "#fff",
      "flex": 1,
      "justifyContent": "center",
      "marginTop": "-5%",
    }
  }
>
  <Image
    source={1}
    style={
      Object {
        "height": "50%",
        "marginTop": -35,
        "width": "80%",
      }
    }
  />
  <View>
    <TextInput
      allowFontScaling={true}
      autoCapitalize="none"
      onBlur={[Function]}
      onChangeText={[Function]}
      placeholder="نام کاربری"
      placeholderTextColor="#000"
      rejectResponderTermination={true}
      style={
        Object {
          "backgroundColor": "#f1f1f2",
          "borderRadius": 14,
          "color": "black",
          "fontSize": 18,
          "fontWeight": "500",
          "height": 55,
          "marginBottom": 20,
          "marginTop": -10,
          "padding": 8,
          "textAlign": "center",
          "width": 300,
        }
      }
      testID="user_check"
      underlineColorAndroid="transparent"
      value=""
    />
  </View>
  <View>
    <TextInput
      allowFontScaling={true}
      autoCapitalize="none"
      onChangeText={[Function]}
      placeholder="رمز عبور"
      placeholderTextColor="#000"
      rejectResponderTermination={true}
      secureTextEntry={true}
      style={
        Object {
          "backgroundColor": "#f1f1f2",
          "borderRadius": 14,
          "color": "black",
          "fontSize": 18,
          "fontWeight": "500",
          "height": 55,
          "marginBottom": 20,
          "marginTop": -10,
          "padding": 8,
          "textAlign": "center",
          "width": 300,
        }
      }
      testID="pass_check"
      underlineColorAndroid="transparent"
      value=""
    />
  </View>
  <View>
    <TextInput
      allowFontScaling={true}
      autoCapitalize="none"
      onBlur={[Function]}
      onChangeText={[Function]}
      placeholder="تکرار رمز عبور"
      placeholderTextColor="#000"
      rejectResponderTermination={true}
      secureTextEntry={true}
      style={
        Object {
          "backgroundColor": "#f1f1f2",
          "borderRadius": 14,
          "color": "black",
          "fontSize": 18,
          "fontWeight": "500",
          "height": 55,
          "marginBottom": 20,
          "marginTop": -10,
          "padding": 8,
          "textAlign": "center",
          "width": 300,
        }
      }
      testID="confpass_check"
      underlineColorAndroid="transparent"
      value=""
    />
  </View>
  <View>
    <TextInput
      allowFontScaling={true}
      autoCapitalize="none"
      onBlur={[Function]}
      onChangeText={[Function]}
      placeholder="ایمیل"
      placeholderTextColor="#000"
      rejectResponderTermination={true}
      style={
        Object {
          "backgroundColor": "#f1f1f2",
          "borderRadius": 14,
          "color": "black",
          "fontSize": 18,
          "fontWeight": "500",
          "height": 55,
          "marginBottom": 20,
          "marginTop": -10,
          "padding": 8,
          "textAlign": "center",
          "width": 300,
        }
      }
      testID="eml_check"
      underlineColorAndroid="transparent"
      value=""
    />
  </View>
  <View
    accessible={true}
    focusable={true}
    onClick={[Function]}
    onResponderGrant={[Function]}
    onResponderMove={[Function]}
    onResponderRelease={[Function]}
    onResponderTerminate={[Function]}
    onResponderTerminationRequest={[Function]}
    onStartShouldSetResponder={[Function]}
    style={
      Object {
        "alignItems": "center",
        "backgroundColor": "#b31414",
        "borderRadius": 10,
        "height": 50,
        "justifyContent": "center",
        "marginBottom": 20,
        "marginTop": 10,
        "opacity": 1,
        "width": 90,
      }
    }
  >
    <Text>
      ثبت نام
    </Text>
  </View>
  <Text
    onPress={[Function]}
    style={
      Object {
        "color": "#b31414",
        "fontSize": 20,
        "marginTop": -15,
      }
    }
  >
    <Text
      style={
        Object {
          "color": "black",
          "fontSize": 20,
        }
      }
    >
      حساب کاربری دارید؟
    </Text>
    ورود
  </Text>
</View>
`;
