// Jest Snapshot v1, https://goo.gl/fbAQLP

exports[`Login component be tested renders correctly 1`] = `
<View
  accessible={true}
  focusable={true}
  onClick={[Function]}
  onResponderGrant={[Function]}
  onResponderMove={[Function]}
  onResponderRelease={[Function]}
  onResponderTerminate={[Function]}
  onResponderTerminationRequest={[Function]}
  onStartShouldSetResponder={[Function]}
  style={
    Object {
      "alignItems": "center",
      "backgroundColor": "#fff",
      "flex": 1,
      "justifyContent": "center",
      "marginTop": "-5%",
    }
  }
>
  <View
    style={
      Object {
        "alignContent": "center",
        "alignItems": "center",
        "backgroundColor": "#f1f1f2",
        "borderRadius": 20,
        "height": 45,
        "marginBottom": 20,
        "width": "80%",
      }
    }
  >
    <TextInput
      allowFontScaling={true}
      onChangeText={[Function]}
      placeholder="ایمیل"
      placeholderTextColor="#000"
      rejectResponderTermination={true}
      style={
        Object {
          "color": "black",
          "flex": 1,
          "fontSize": 20,
          "height": 50,
          "marginLeft": 20,
          "padding": 10,
        }
      }
      testID="email_check"
      underlineColorAndroid="transparent"
      value=""
    />
  </View>
  <View
    style={
      Object {
        "alignContent": "center",
        "alignItems": "center",
        "backgroundColor": "#f1f1f2",
        "borderRadius": 20,
        "height": 45,
        "marginBottom": 20,
        "width": "80%",
      }
    }
  >
    <TextInput
      allowFontScaling={true}
      onChangeText={[Function]}
      placeholder="رمز عبور"
      placeholderTextColor="#000"
      rejectResponderTermination={true}
      secureTextEntry={true}
      style={
        Object {
          "color": "black",
          "flex": 1,
          "fontSize": 20,
          "height": 50,
          "marginLeft": 20,
          "padding": 10,
        }
      }
      testID="pass_check"
      underlineColorAndroid="transparent"
      value=""
    />
  </View>
  <View
    accessible={true}
    focusable={true}
    onClick={[Function]}
    onResponderGrant={[Function]}
    onResponderMove={[Function]}
    onResponderRelease={[Function]}
    onResponderTerminate={[Function]}
    onResponderTerminationRequest={[Function]}
    onStartShouldSetResponder={[Function]}
    style={
      Object {
        "alignItems": "center",
        "backgroundColor": "#b31414",
        "borderRadius": 20,
        "height": 50,
        "justifyContent": "center",
        "marginBottom": 20,
        "marginTop": 10,
        "opacity": 1,
        "width": "40%",
      }
    }
    testID="login-button"
  >
    <Text
      style={
        Object {
          "color": "#fff",
          "fontSize": 20,
        }
      }
    >
      ورود
    </Text>
  </View>
  <Text
    style={
      Object {
        "fontSize": 20,
      }
    }
  >
    حساب کاربری ندارید؟
  </Text>
  <Text
    onPress={[Function]}
    style={
      Object {
        "color": "#b31414",
        "fontSize": 20,
      }
    }
  >
    ثبت نام
  </Text>
  <View
    style={
      Object {
        "left": 0,
        "opacity": 0,
        "position": "absolute",
        "right": 0,
        "top": 0,
        "transform": Array [
          Object {
            "translateY": -48,
          },
        ],
        "zIndex": 99,
      }
    }
  />
</View>
`;
